
ArgumentError: expected `2` args, found `3` args for `=`