
SyntaxError: missing or invalid tokens for s_step