
SyntaxError: integer 999999999999999999999999999999999 cannot be parsed as an integer due to overflow