TypeError: Unable to cast a to int
at programs/casting.re:10:26
at programs/casting.re:10:22
