
DivideByZeroError: attempted to divide by zero
at <stl:operators>:55:26
at <stl:operators>:53:11
at <stl:operators>:50:19
at programs/catching_exception_arg.re:11:4
at programs/catching_exception_arg.re:11:2