NameError: No function `new_fraction` found!
at programs/import_order.re:1:35
at programs/import_order.re:1:22
