decrementing 10 
halving 9 
decrementing 4 
halving 3 
decrementing 1 
