NameError: No function `inner` found!
NameError: No variable named `x` found!
