hello 
Assign: Error during definition: no valid function body was given! 
