
SyntaxError: missing comma in argument list
at programs/no_longer_optional_comma.re:2:14