{a: 4, bar: d, c: [1, 4, {a: 0, bar: null, c: true}]}
