UserRaisedError: cannot construct range with start > end 
UserRaisedError: cannot construct range with start > end 
