RangeError: cannot construct range with start > end
at <stl:range>:4:28
at <stl:control_flow>:66:39
at <stl:control_flow>:66:28
at <stl:range>:4:7
at <stl:range>:3:25
at programs/range_tests.re:6:28
at programs/range_tests.re:6:22
RangeError: cannot construct range with start > end
at <stl:range>:4:28
at <stl:control_flow>:66:39
at <stl:control_flow>:66:28
at <stl:range>:4:7
at <stl:range>:3:25
at programs/range_tests.re:7:28
at programs/range_tests.re:7:22
