
programs/spaces_in_variables.re:2:5: SyntaxError: missing comma in argument list