
SyntaxError at 2:10: trailing unparsed tokens detected