ArgumentError: too few arguments to variadic function: expected at least 1, found 0
at programs/variadic_functions.re:28:30
at programs/variadic_functions.re:28:22
