+-------+-------+-------+
|       |       |       |
|   1   |   2   |   3   |
|       |       |       |
+-------+-------+-------+
|       |       |       |
|   4   |   5   |   6   |
|       |       |       |
+-------+-------+-------+
|       |       |       |
|   7   |   8   |   9   |
|       |       |       |
+-------+-------+-------+
Please enter the number of the field you choose (1-9): 
+-------+-------+-------+
|       |       |       |
|   1   |   2   |   3   |
|       |       |       |
+-------+-------+-------+
|       |       |       |
|   4   |   X   |   6   |
|       |       |       |
+-------+-------+-------+
|       |       |       |
|   7   |   8   |   9   |
|       |       |       |
+-------+-------+-------+
+-------+-------+-------+
|       |       |       |
|   1   |   2   |   3   |
|       |       |       |
+-------+-------+-------+
|       |       |       |
|   O   |   X   |   6   |
|       |       |       |
+-------+-------+-------+
|       |       |       |
|   7   |   8   |   9   |
|       |       |       |
+-------+-------+-------+
Please enter the number of the field you choose (1-9): 
+-------+-------+-------+
|       |       |       |
|   1   |   X   |   3   |
|       |       |       |
+-------+-------+-------+
|       |       |       |
|   O   |   X   |   6   |
|       |       |       |
+-------+-------+-------+
|       |       |       |
|   7   |   8   |   9   |
|       |       |       |
+-------+-------+-------+
+-------+-------+-------+
|       |       |       |
|   1   |   X   |   3   |
|       |       |       |
+-------+-------+-------+
|       |       |       |
|   O   |   X   |   6   |
|       |       |       |
+-------+-------+-------+
|       |       |       |
|   O   |   8   |   9   |
|       |       |       |
+-------+-------+-------+
Please enter the number of the field you choose (1-9): 
+-------+-------+-------+
|       |       |       |
|   1   |   X   |   3   |
|       |       |       |
+-------+-------+-------+
|       |       |       |
|   O   |   X   |   6   |
|       |       |       |
+-------+-------+-------+
|       |       |       |
|   O   |   8   |   X   |
|       |       |       |
+-------+-------+-------+
+-------+-------+-------+
|       |       |       |
|   1   |   X   |   O   |
|       |       |       |
+-------+-------+-------+
|       |       |       |
|   O   |   X   |   6   |
|       |       |       |
+-------+-------+-------+
|       |       |       |
|   O   |   8   |   X   |
|       |       |       |
+-------+-------+-------+
Please enter the number of the field you choose (1-9): 
Game over, winner: X
+-------+-------+-------+
|       |       |       |
|   1   |   X   |   O   |
|       |       |       |
+-------+-------+-------+
|       |       |       |
|   O   |   X   |   6   |
|       |       |       |
+-------+-------+-------+
|       |       |       |
|   O   |   X   |   X   |
|       |       |       |
+-------+-------+-------+
first game over
+-------+-------+-------+
|       |       |       |
|   1   |   2   |   3   |
|       |       |       |
+-------+-------+-------+
|       |       |       |
|   4   |   5   |   6   |
|       |       |       |
+-------+-------+-------+
|       |       |       |
|   7   |   8   |   9   |
|       |       |       |
+-------+-------+-------+
Please enter the number of the field you choose (1-9): 
+-------+-------+-------+
|       |       |       |
|   1   |   2   |   3   |
|       |       |       |
+-------+-------+-------+
|       |       |       |
|   X   |   5   |   6   |
|       |       |       |
+-------+-------+-------+
|       |       |       |
|   7   |   8   |   9   |
|       |       |       |
+-------+-------+-------+
+-------+-------+-------+
|       |       |       |
|   1   |   2   |   3   |
|       |       |       |
+-------+-------+-------+
|       |       |       |
|   X   |   O   |   6   |
|       |       |       |
+-------+-------+-------+
|       |       |       |
|   7   |   8   |   9   |
|       |       |       |
+-------+-------+-------+
Please enter the number of the field you choose (1-9): 
+-------+-------+-------+
|       |       |       |
|   1   |   2   |   3   |
|       |       |       |
+-------+-------+-------+
|       |       |       |
|   X   |   O   |   X   |
|       |       |       |
+-------+-------+-------+
|       |       |       |
|   7   |   8   |   9   |
|       |       |       |
+-------+-------+-------+
+-------+-------+-------+
|       |       |       |
|   1   |   2   |   3   |
|       |       |       |
+-------+-------+-------+
|       |       |       |
|   X   |   O   |   X   |
|       |       |       |
+-------+-------+-------+
|       |       |       |
|   O   |   8   |   9   |
|       |       |       |
+-------+-------+-------+
Please enter the number of the field you choose (1-9): 
+-------+-------+-------+
|       |       |       |
|   1   |   2   |   3   |
|       |       |       |
+-------+-------+-------+
|       |       |       |
|   X   |   O   |   X   |
|       |       |       |
+-------+-------+-------+
|       |       |       |
|   O   |   8   |   X   |
|       |       |       |
+-------+-------+-------+
+-------+-------+-------+
|       |       |       |
|   1   |   O   |   3   |
|       |       |       |
+-------+-------+-------+
|       |       |       |
|   X   |   O   |   X   |
|       |       |       |
+-------+-------+-------+
|       |       |       |
|   O   |   8   |   X   |
|       |       |       |
+-------+-------+-------+
Please enter the number of the field you choose (1-9): 
+-------+-------+-------+
|       |       |       |
|   X   |   O   |   3   |
|       |       |       |
+-------+-------+-------+
|       |       |       |
|   X   |   O   |   X   |
|       |       |       |
+-------+-------+-------+
|       |       |       |
|   O   |   8   |   X   |
|       |       |       |
+-------+-------+-------+
Game over, winner: O
+-------+-------+-------+
|       |       |       |
|   X   |   O   |   3   |
|       |       |       |
+-------+-------+-------+
|       |       |       |
|   X   |   O   |   X   |
|       |       |       |
+-------+-------+-------+
|       |       |       |
|   O   |   O   |   X   |
|       |       |       |
+-------+-------+-------+
